// Jest Snapshot v1, https://goo.gl/fbAQLP

exports[`App Component Test Suite Should render properly to DOM 1`] = `null`;
